// Jest Snapshot v1, https://goo.gl/fbAQLP

exports[`ForgotenPassword component renders correctly (snapshot) 1`] = `ShallowWrapper {}`;
