// Jest Snapshot v1, https://goo.gl/fbAQLP

exports[`Tab component should be defined and renders correctly (snapshot) 1`] = `ShallowWrapper {}`;
