// Jest Snapshot v1, https://goo.gl/fbAQLP

exports[`Drawer component should be defined and renders correctly (snapshot) 1`] = `
<WithUtils
  isPermanent={false}
  isResponsive={false}
  modifier="right"
  title="Drawer Component"
>
  <Component
    isPermanent={false}
    isResponsive={false}
    modifier="right"
    title="Drawer Component"
    utils={
      Object {
        "classNames": [Function],
        "uniqueId": [Function],
      }
    }
  >
    <div
      className="drawer__wrapper drawer__wrapper--drawer-right"
    >
      <div
        className="drawer drawer--right"
      >
        <div
          className="drawer__content-wrapper"
        >
          <div
            className="drawer__header drawer__header--right"
          >
            <Button
              className="icon-button"
              disabled={false}
              modifiers=""
              onClick={[Function]}
              submit={false}
            >
              <button
                className="icon-button"
                disabled={false}
                onClick={[Function]}
                type="button"
              >
                <i
                  className="material-icons"
                >
                  keyboard_arrow_right
                </i>
              </button>
            </Button>
          </div>
          <div
            className="drawer__content"
          >
            <DrawerMainContent>
              <div
                className="drawer__content"
              >
                <p>
                  Lorem, ipsum dolor sit amet consectetur adipisicing elit
                </p>
              </div>
            </DrawerMainContent>
          </div>
        </div>
      </div>
      <div
        className="page page--drawer"
      >
        <div
          className="page__header page__header--drawer page__header--opens-right"
        >
          <Button
            className="icon-button"
            disabled={false}
            modifiers=""
            onClick={[Function]}
            submit={false}
          >
            <button
              className="icon-button"
              disabled={false}
              onClick={[Function]}
              type="button"
            >
              <i
                className="material-icons"
              >
                menu
              </i>
            </button>
          </Button>
          Drawer Component
        </div>
        <div
          className="page__content page__content--drawer"
        >
          <DrawerPageContent>
            <div
              className="page__content page__content--drawer"
            >
              <p>
                Cum assumenda ullam explicabo nostrum nam natus.
              </p>
            </div>
          </DrawerPageContent>
        </div>
      </div>
    </div>
  </Component>
</WithUtils>
`;
