// Jest Snapshot v1, https://goo.gl/fbAQLP

exports[`Drag layer should render without throwing error 1`] = `
<div>
  <div
    class="nestable-drag-layer"
  >
    <ol
      class="nestable-list"
      style="width: 300px;"
    >
      <div>
        children
      </div>
    </ol>
  </div>
</div>
`;
