// Jest Snapshot v1, https://goo.gl/fbAQLP

exports[`Autocomplete component should be defined and renders correctly (snapshot) 1`] = `
<WithUtils
  data={
    Object {
      "data": Array [
        Object {
          "description": "PHP framework",
          "id": 1,
          "name": "Laravel",
        },
        Object {
          "description": "Javascript library",
          "id": 2,
          "name": "React",
        },
        Object {
          "description": "Javascript framework",
          "id": 3,
          "name": "Adonis",
        },
      ],
      "filterBy": Array [
        "name",
        "description",
      ],
      "keyValue": "name",
    }
  }
>
  <Autocomplete
    data={
      Object {
        "data": Array [
          Object {
            "description": "PHP framework",
            "id": 1,
            "name": "Laravel",
          },
          Object {
            "description": "Javascript library",
            "id": 2,
            "name": "React",
          },
          Object {
            "description": "Javascript framework",
            "id": 3,
            "name": "Adonis",
          },
        ],
        "filterBy": Array [
          "name",
          "description",
        ],
        "keyValue": "name",
      }
    }
    label=""
    placeholder="Search"
    selected={[Function]}
    utils={
      Object {
        "ErrorMessage": [Function],
        "classNames": [Function],
        "uniqueId": [Function],
      }
    }
  >
    <WithUtils
      label=""
      onChange={[Function]}
      placeholder="Search"
      value=""
    >
      <Input
        disabled={false}
        error={false}
        hideTypeToggle={false}
        label=""
        modifier=""
        onChange={[Function]}
        placeholder="Search"
        required={false}
        type="text"
        utils={
          Object {
            "ErrorMessage": [Function],
            "classNames": [Function],
            "uniqueId": [Function],
          }
        }
        validationMessage="This field is required"
        value=""
      >
        <div
          className="form-field form-field--input  "
        >
          <label
            className=""
          />
          <input
            data-testid="input"
            disabled={false}
            onChange={[Function]}
            placeholder="Search"
            required={false}
            type="text"
            value=""
          />
        </div>
      </Input>
    </WithUtils>
  </Autocomplete>
</WithUtils>
`;
