// Jest Snapshot v1, https://goo.gl/fbAQLP

exports[`Sortable cell should render without throwing error 1`] = `
<div>
  <div
    class="sortable"
  >
    <span
      data-testid="sortby-id"
      role="button"
    >
      id
    </span>
  </div>
</div>
`;
