// Jest Snapshot v1, https://goo.gl/fbAQLP

exports[`Drag handler should render withouth throwing error 1`] = `
<div>
  <div
    class="list__drag"
    data-testid="drag-handler"
    draggable="true"
  >
    <i
      class="material-icons"
    >
      drag_indicator
    </i>
  </div>
</div>
`;
