// Jest Snapshot v1, https://goo.gl/fbAQLP

exports[`Icon should render withour throwing error 1`] = `
<div>
  <div
    class="react-toast-notifications__toast__icon-wrapper react-toast-notifications__toast__icon-wrapper--success"
  >
    <div>
      Toast.Countdown
    </div>
    <svg
      aria-hidden="true"
      class="react-toast-notifications__toast__icon"
      fill="#FFFFFF"
      height="16"
      style="display: inline-block; vertical-align: text-top;"
      viewBox="0 0 12 16"
      width="12"
    >
      <path
        d="M12 5.5l-8 8-4-4L1.5 8 4 10.5 10.5 4 12 5.5z"
        fill-rule="evenodd"
      />
    </svg>
  </div>
</div>
`;
