// Jest Snapshot v1, https://goo.gl/fbAQLP

exports[`Tab component should be defined and renders correctly (snapshot) 1`] = `
<div
  className="tabs"
>
  <div
    className="tabs__list"
  >
    <Button
      className="tabs__list-item "
      disabled={false}
      key="Unnamed tab"
      modifiers=""
      onClick={[Function]}
      submit={false}
    >
      Unnamed tab
    </Button>
    <Button
      className="tabs__list-item current"
      disabled={false}
      key="Advanced"
      modifiers=""
      onClick={[Function]}
      submit={false}
    >
      Advanced
    </Button>
    <Button
      className="tabs__list-item "
      disabled={false}
      key="Other"
      modifiers=""
      onClick={[Function]}
      submit={false}
    >
      Other
    </Button>
  </div>
  <Component
    action={[Function]}
    title="Advanced"
  >
    Advanced content here
  </Component>
</div>
`;
