// Jest Snapshot v1, https://goo.gl/fbAQLP

exports[`Custom Icon component it renders childrens 1`] = `
<DocumentFragment>
  <div
    class="w-10 h-10 text-blue-500 stroke-current fill-current"
  />
</DocumentFragment>
`;

exports[`Custom Icon component it renders correctly 1`] = `
<DocumentFragment>
  <div
    class="w-10 h-10 text-blue-500 stroke-current fill-current"
  />
</DocumentFragment>
`;
