// Jest Snapshot v1, https://goo.gl/fbAQLP

exports[`Alert component should be defined and renders correctly (snapshot) 1`] = `[Function]`;

exports[`Alert component should be type count and change progress 1`] = `[Function]`;
