// Jest Snapshot v1, https://goo.gl/fbAQLP

exports[`Avatar component should be defined and renders correctly (snapshot) 1`] = `
<withUtils()
  modifier="med"
  url="http://lorempixel.com/400/400/people/"
  username=""
>
  <Component
    modifier="med"
    url="http://lorempixel.com/400/400/people/"
    username=""
    utils={
      Object {
        "ErrorMessage": [Function],
        "classNames": [Function],
        "removeExtraSpaces": [Function],
        "uniqueId": [Function],
      }
    }
  >
    <div
      className="avatar avatar--med"
    >
      <img
        alt="avatar"
        src="http://lorempixel.com/400/400/people/"
      />
    </div>
  </Component>
</withUtils()>
`;
