// Jest Snapshot v1, https://goo.gl/fbAQLP

exports[`Alert component should match snapshot 1`] = `
<DocumentFragment>
  <div
    class="alert alert--dismissable alert--icon alert--warning"
  >
    <i
      class="material-icons"
    >
      error
    </i>
    No content
    <button
      class="icon-button icon-button--close"
      type="button"
    >
      <i
        class="material-icons"
      >
        close
      </i>
    </button>
  </div>
</DocumentFragment>
`;
