// Jest Snapshot v1, https://goo.gl/fbAQLP

exports[`Switches component should be defined and renders correctly (snapshot) 1`] = `
<Component
  error={false}
  labelPosition="right"
  modifier=""
  onChange={[Function]}
  options={
    Array [
      Object {
        "id": 1,
        "label": "Switch text",
      },
      Object {
        "id": 2,
        "label": "Switch text",
      },
      Object {
        "disabled": true,
        "label": "Disabled",
      },
    ]
  }
  returnBoolean={false}
  utils={
    Object {
      "ErrorMessage": [Function],
      "classNames": [Function],
      "uniqueId": [Function],
    }
  }
  validationMessage="This field is required"
/>
`;
