// Jest Snapshot v1, https://goo.gl/fbAQLP

exports[`Button component should be defined and renders correctly (snapshot) 1`] = `
<withUtils()
  disabled={false}
  modifiers={
    Array [
      "outline",
      "rounded",
    ]
  }
  type="button"
>
  <Component
    disabled={false}
    modifiers={
      Array [
        "outline",
        "rounded",
      ]
    }
    type="button"
    utils={
      Object {
        "ErrorMessage": [Function],
        "classNames": [Function],
        "parseTextBlock": [Function],
        "removeExtraSpaces": [Function],
        "uniqueId": [Function],
      }
    }
  >
    <button
      className="button button--outline button--rounded"
      disabled={false}
      type="button"
    />
  </Component>
</withUtils()>
`;
