// Jest Snapshot v1, https://goo.gl/fbAQLP

exports[`Table component should be defined and renders correctly (snapshot) 1`] = `
<DocumentFragment>
  <div
    class="table-wrapper"
  >
    <div
      class="table-head"
    >
      <div
        class="table-cell--checkbox"
      />
      <div
        class="table-cell"
      >
        <div
          class="sortable"
        >
          <span
            data-testid="sortby-id"
            role="button"
          >
            id
          </span>
        </div>
      </div>
      <div
        class="table-cell"
      >
        <div
          class="sortable"
        >
          <span
            data-testid="sortby-name"
            role="button"
          >
            Name
          </span>
        </div>
      </div>
      <div
        class="table-cell"
      >
        <div
          class="sortable"
        >
          <span
            data-testid="sortby-age"
            role="button"
          >
            age
          </span>
        </div>
      </div>
    </div>
    <div
      class="table-body"
    >
      <div
        class="custom-virtual-list"
      >
        <div
          class="table-row"
          data-testid="tablerow-0"
          style="height: 62px;"
        >
          <div
            class="table-cell"
          >
            <div
              class="table-cell--content"
            >
              1
            </div>
          </div>
          <div
            class="table-cell"
          >
            <div
              class="table-cell--content"
            >
              Lorem
            </div>
          </div>
          <div
            class="table-cell"
          >
            <div
              class="table-cell--content"
            >
              52
            </div>
          </div>
        </div>
        <div
          class="table-row"
          data-testid="tablerow-1"
          style="height: 62px;"
        >
          <div
            class="table-cell"
          >
            <div
              class="table-cell--content"
            >
              2
            </div>
          </div>
          <div
            class="table-cell"
          >
            <div
              class="table-cell--content"
            >
              Ipsum
            </div>
          </div>
          <div
            class="table-cell"
          >
            <div
              class="table-cell--content"
            >
              43
            </div>
          </div>
        </div>
      </div>
    </div>
  </div>
</DocumentFragment>
`;
