// Jest Snapshot v1, https://goo.gl/fbAQLP

exports[`Table body should render data and pass it throught virtual list 1`] = `
<div>
  <div
    class="table-body"
  >
    <div
      style="overflow: auto; will-change: transform; height: 1000px; width: 100%;"
    >
      <div
        style="position: relative; width: 100%; min-height: 100%; height: 124px;"
      >
        <div
          class="table-row"
          data-testid="tablerow-1"
          style="position: absolute; top: 0px; left: 0px; width: 100%; height: 62px;"
        >
          <div
            class="table-cell--checkbox"
          >
            <div
              class="form-field form-field--checkbox"
              data-testid="checkbox-1"
              role="button"
            >
              <input
                class="form-checkbox"
                data-testid="row-checkbox-1"
                id="uid-eyJjaGVja2VkIjpmYWxzZX0="
                readonly=""
                type="checkbox"
                value=""
              />
              <label
                for="uid-eyJjaGVja2VkIjpmYWxzZX0="
              />
            </div>
          </div>
          <div
            class="table-cell"
          >
            <div
              class="table-cell--content"
            >
              1
            </div>
          </div>
          <div
            class="table-cell"
          >
            <div
              class="table-cell--content"
            >
              Lorem
            </div>
          </div>
          <div
            class="table-cell"
          >
            <div
              class="table-cell--content"
            >
              52
            </div>
          </div>
        </div>
        <div
          class="table-row"
          data-testid="tablerow-2"
          style="position: absolute; top: 62px; left: 0px; width: 100%; height: 62px;"
        >
          <div
            class="table-cell--checkbox"
          >
            <div
              class="form-field form-field--checkbox"
              data-testid="checkbox-1"
              role="button"
            >
              <input
                class="form-checkbox"
                data-testid="row-checkbox-2"
                id="uid-eyJjaGVja2VkIjpmYWxzZX0="
                readonly=""
                type="checkbox"
                value=""
              />
              <label
                for="uid-eyJjaGVja2VkIjpmYWxzZX0="
              />
            </div>
          </div>
          <div
            class="table-cell"
          >
            <div
              class="table-cell--content"
            >
              2
            </div>
          </div>
          <div
            class="table-cell"
          >
            <div
              class="table-cell--content"
            >
              Ipsum
            </div>
          </div>
          <div
            class="table-cell"
          >
            <div
              class="table-cell--content"
            >
              43
            </div>
          </div>
        </div>
      </div>
    </div>
  </div>
</div>
`;
