// Jest Snapshot v1, https://goo.gl/fbAQLP

exports[`Alert component should be defined and renders correctly (snapshot) 1`] = `
<Alert
  close={false}
  icon=""
  type=""
  utils={
    Object {
      "ErrorMessage": [Function],
      "buildClassNames": [Function],
      "removeExtraSpaces": [Function],
      "uniqueId": [Function],
    }
  }
>
  No content
</Alert>
`;
