// Jest Snapshot v1, https://goo.gl/fbAQLP

exports[`Checkboxes component should be defined and renders correctly (snapshot) 1`] = `
<Checkboxes
  onChange={[Function]}
  options={
    Array [
      Object {
        "id": 1,
        "label": "first",
        "value": "lorem ipsum",
      },
      Object {
        "id": 2,
        "label": "I accept",
        "required": true,
        "value": "accepted",
      },
      Object {
        "disabled": true,
        "id": 3,
        "label": "Disabled",
        "value": "",
      },
      Object {
        "id": 4,
        "label": "display none",
        "show": false,
      },
    ]
  }
  returnBoolean={false}
  utils={
    Object {
      "classNames": [Function],
      "uniqueId": [Function],
    }
  }
/>
`;
