// Jest Snapshot v1, https://goo.gl/fbAQLP

exports[`Avatar component should be defined and renders correctly (snapshot) 1`] = `ReactWrapper {}`;
