// Jest Snapshot v1, https://goo.gl/fbAQLP

exports[`Dropdown component should be defined and renders correctly (snapshot) 1`] = `[Function]`;
